// Jest Snapshot v1, https://goo.gl/fbAQLP

exports[`AlbumPreview.vue renders correctly 1`] = `"22 June FAKE ALBUM, ST. PETERSBURG"`;
